../Core/Src/main.c:323:6:HAL_UART_RxCpltCallback	16	static
../Core/Src/main.c:334:6:HAL_TIM_PeriodElapsedCallback	24	static
../Core/Src/main.c:347:6:HAL_SPI_TxCpltCallback	16	static
../Core/Src/main.c:357:5:main	8	static
../Core/Src/main.c:409:6:SystemClock_Config	88	static
../Core/Src/main.c:456:13:MX_SPI1_Init	8	static
../Core/Src/main.c:494:13:MX_TIM10_Init	8	static
../Core/Src/main.c:525:13:MX_TIM11_Init	8	static
../Core/Src/main.c:556:13:MX_USART1_UART_Init	8	static
../Core/Src/main.c:589:13:MX_USART2_UART_Init	8	static
../Core/Src/main.c:620:13:MX_DMA_Init	16	static
../Core/Src/main.c:638:13:MX_GPIO_Init	48	static
../Core/Src/main.c:671:6:init_queue	16	static
../Core/Src/main.c:676:5:isFull	16	static
../Core/Src/main.c:680:5:isEmpty	16	static
../Core/Src/main.c:684:5:enqueue	16	static
../Core/Src/main.c:693:9:dequeue	24	static
../Core/Src/main.c:703:10:front	16	static
../Core/Src/main.c:708:9:char_to_ind	16	static
../Core/Src/main.c:726:6:Error_Handler	4	static,ignoring_inline_asm
