../Core/Src/main.c:338:6:HAL_UART_RxCpltCallback	16	static
../Core/Src/main.c:349:6:HAL_TIM_PeriodElapsedCallback	32	static
../Core/Src/main.c:442:6:HAL_SPI_TxCpltCallback	16	static
../Core/Src/main.c:452:5:main	8	static
../Core/Src/main.c:508:6:SystemClock_Config	88	static
../Core/Src/main.c:555:13:MX_SPI1_Init	8	static
../Core/Src/main.c:593:13:MX_TIM1_Init	32	static
../Core/Src/main.c:639:13:MX_TIM2_Init	64	static
../Core/Src/main.c:698:13:MX_TIM3_Init	32	static
../Core/Src/main.c:743:13:MX_TIM10_Init	8	static
../Core/Src/main.c:774:13:MX_TIM11_Init	8	static
../Core/Src/main.c:805:13:MX_USART1_UART_Init	8	static
../Core/Src/main.c:838:13:MX_USART2_UART_Init	8	static
../Core/Src/main.c:869:13:MX_DMA_Init	16	static
../Core/Src/main.c:887:13:MX_GPIO_Init	48	static
../Core/Src/main.c:930:6:init_queue	16	static
../Core/Src/main.c:935:5:isFull	16	static
../Core/Src/main.c:939:5:isEmpty	16	static
../Core/Src/main.c:943:5:enqueue	16	static
../Core/Src/main.c:952:9:dequeue	24	static
../Core/Src/main.c:962:10:front	16	static
../Core/Src/main.c:967:9:char_to_ind	16	static
../Core/Src/main.c:979:6:transmit	16	static
../Core/Src/main.c:992:6:Error_Handler	4	static,ignoring_inline_asm
