../Core/Src/main.c:76:6:HAL_TIM_PeriodElapsedCallback	48	static
../Core/Src/main.c:99:6:HAL_SPI_TxCpltCallback	16	static
../Core/Src/main.c:109:5:main	8	static
../Core/Src/main.c:156:6:SystemClock_Config	88	static
../Core/Src/main.c:203:13:MX_SPI1_Init	8	static
../Core/Src/main.c:241:13:MX_TIM3_Init	32	static
../Core/Src/main.c:286:13:MX_USART2_UART_Init	8	static
../Core/Src/main.c:317:13:MX_DMA_Init	16	static
../Core/Src/main.c:335:13:MX_GPIO_Init	48	static
../Core/Src/main.c:385:6:Error_Handler	4	static,ignoring_inline_asm
