../Core/Src/main.c:261:5:main	24	static
../Core/Src/main.c:325:6:SystemClock_Config	88	static
../Core/Src/main.c:372:13:MX_TIM1_Init	96	static
../Core/Src/main.c:447:13:MX_USART2_UART_Init	8	static
../Core/Src/main.c:480:13:MX_GPIO_Init	48	static
../Core/Src/main.c:528:7:note_to_freq	16	static
../Core/Src/main.c:567:6:set_pwm	48	static
../Core/Src/main.c:586:6:play_note	24	static
../Core/Src/main.c:605:6:HAL_GPIO_EXTI_Callback	16	static
../Core/Src/main.c:617:6:Error_Handler	4	static,ignoring_inline_asm
