../Core/Src/main.c:75:7:bitToTemp	32	static
../Core/Src/main.c:83:6:HAL_TIM_PeriodElapsedCallback	160	static
../Core/Src/main.c:113:6:HAL_ADC_ConvCpltCallback	160	static
../Core/Src/main.c:129:5:main	32	static
../Core/Src/main.c:184:6:SystemClock_Config	88	static
../Core/Src/main.c:231:13:MX_ADC1_Init	24	static
../Core/Src/main.c:283:13:MX_I2C1_Init	8	static
../Core/Src/main.c:317:13:MX_TIM2_Init	32	static
../Core/Src/main.c:362:13:MX_USART2_UART_Init	8	static
../Core/Src/main.c:393:13:MX_DMA_Init	16	static
../Core/Src/main.c:411:13:MX_GPIO_Init	48	static
../Core/Src/main.c:451:6:Error_Handler	4	static,ignoring_inline_asm
