../Core/Src/main.c:93:6:HAL_TIM_PeriodElapsedCallback	24	static
../Core/Src/main.c:143:6:HAL_ADC_ConvCpltCallback	160	static
../Core/Src/main.c:167:5:main	8	static
../Core/Src/main.c:217:6:SystemClock_Config	88	static
../Core/Src/main.c:264:13:MX_ADC1_Init	24	static
../Core/Src/main.c:316:13:MX_TIM1_Init	32	static
../Core/Src/main.c:362:13:MX_TIM2_Init	64	static
../Core/Src/main.c:421:13:MX_TIM3_Init	32	static
../Core/Src/main.c:466:13:MX_USART2_UART_Init	8	static
../Core/Src/main.c:497:13:MX_DMA_Init	16	static
../Core/Src/main.c:515:13:MX_GPIO_Init	48	static
../Core/Src/main.c:558:6:init_queue	16	static
../Core/Src/main.c:563:5:isFull	16	static
../Core/Src/main.c:567:5:isEmpty	16	static
../Core/Src/main.c:571:5:enqueue	16	static
../Core/Src/main.c:580:9:dequeue	24	static
../Core/Src/main.c:590:10:front	16	static
../Core/Src/main.c:596:6:transmit	16	static
../Core/Src/main.c:609:6:Error_Handler	4	static,ignoring_inline_asm
