../Core/Src/main.c:99:6:HAL_TIM_PeriodElapsedCallback	24	static
../Core/Src/main.c:147:6:HAL_ADC_ConvCpltCallback	16	static
../Core/Src/main.c:164:5:main	8	static
../Core/Src/main.c:216:6:SystemClock_Config	88	static
../Core/Src/main.c:263:13:MX_ADC1_Init	24	static
../Core/Src/main.c:315:13:MX_TIM1_Init	32	static
../Core/Src/main.c:361:13:MX_TIM2_Init	64	static
../Core/Src/main.c:420:13:MX_TIM3_Init	32	static
../Core/Src/main.c:465:13:MX_USART2_UART_Init	8	static
../Core/Src/main.c:496:13:MX_DMA_Init	16	static
../Core/Src/main.c:514:13:MX_GPIO_Init	48	static
../Core/Src/main.c:570:6:init_queue	16	static
../Core/Src/main.c:575:5:isFull	16	static
../Core/Src/main.c:579:5:isEmpty	16	static
../Core/Src/main.c:583:5:enqueue	16	static
../Core/Src/main.c:592:9:dequeue	24	static
../Core/Src/main.c:602:10:front	16	static
../Core/Src/main.c:608:6:transmit	16	static
../Core/Src/main.c:621:6:Error_Handler	4	static,ignoring_inline_asm
