../Core/Src/main.c:73:6:HAL_TIM_PeriodElapsedCallback	16	static
../Core/Src/main.c:89:6:HAL_SPI_TxCpltCallback	16	static
../Core/Src/main.c:94:6:HAL_ADC_ConvCpltCallback	16	static
../Core/Src/main.c:106:5:main	8	static
../Core/Src/main.c:158:6:SystemClock_Config	88	static
../Core/Src/main.c:205:13:MX_ADC1_Init	24	static
../Core/Src/main.c:257:13:MX_SPI1_Init	8	static
../Core/Src/main.c:295:13:MX_TIM2_Init	32	static
../Core/Src/main.c:340:13:MX_TIM3_Init	32	static
../Core/Src/main.c:385:13:MX_USART2_UART_Init	8	static
../Core/Src/main.c:416:13:MX_DMA_Init	16	static
../Core/Src/main.c:434:13:MX_GPIO_Init	48	static
../Core/Src/main.c:474:6:Error_Handler	4	static,ignoring_inline_asm
