../Core/Src/main.c:158:7:note_to_freq	16	static
../Core/Src/main.c:197:6:set_pwm	48	static
../Core/Src/main.c:218:6:play_note	24	static
../Core/Src/main.c:244:6:step_play	8	static
../Core/Src/main.c:257:6:HAL_TIM_PeriodElapsedCallback	16	static
../Core/Src/main.c:268:5:main	8	static
../Core/Src/main.c:315:6:SystemClock_Config	88	static
../Core/Src/main.c:362:13:MX_TIM1_Init	96	static
../Core/Src/main.c:437:13:MX_TIM2_Init	32	static
../Core/Src/main.c:482:13:MX_USART2_UART_Init	8	static
../Core/Src/main.c:515:13:MX_GPIO_Init	48	static
../Core/Src/main.c:560:6:Error_Handler	4	static,ignoring_inline_asm
