../Core/Src/main.c:86:6:HAL_TIM_PeriodElapsedCallback	40	static
../Core/Src/main.c:104:6:HAL_SPI_TxCpltCallback	16	static
../Core/Src/main.c:115:5:main	8	static
../Core/Src/main.c:165:6:SystemClock_Config	88	static
../Core/Src/main.c:212:13:MX_SPI1_Init	8	static
../Core/Src/main.c:250:13:MX_TIM2_Init	32	static
../Core/Src/main.c:295:13:MX_TIM3_Init	56	static
../Core/Src/main.c:344:13:MX_TIM10_Init	8	static
../Core/Src/main.c:375:13:MX_USART2_UART_Init	8	static
../Core/Src/main.c:406:13:MX_DMA_Init	16	static
../Core/Src/main.c:424:13:MX_GPIO_Init	48	static
../Core/Src/main.c:464:6:Error_Handler	4	static,ignoring_inline_asm
